// Jest Snapshot v1, https://goo.gl/fbAQLP

exports[`Task Component tests rendering empty list 1`] = `
<DocumentFragment>
  <span
    class="stub"
  >
    Empty
  </span>
   
</DocumentFragment>
`;

exports[`Task Component tests rendering full list 1`] = `
<DocumentFragment>
  <ul
    class="list"
  >
    <li
      class="content__li"
    >
      <div>
        task1
      </div>
    </li>
    <li
      class="content__li"
    >
      <div>
        task2
      </div>
    </li>
  </ul>
   
</DocumentFragment>
`;
