// Jest Snapshot v1, https://goo.gl/fbAQLP

exports[`GreetingsComponent tests render correct 1`] = `
<DocumentFragment>
  <div
    class="greeting-page"
  >
    <div
      class="greeting-page__content"
    >
      <a
        href="/"
      >
        <div
          class="greeting-page__logo"
        >
          <img
            alt="Logo"
            src="Logo.png"
          />
        </div>
      </a>
    </div>
  </div>
   
</DocumentFragment>
`;
