// Jest Snapshot v1, https://goo.gl/fbAQLP

exports[`Task Component tests rendering and click delete 1`] = `
<DocumentFragment>
  <div
    class="content"
  >
    Hello
  </div>
   
</DocumentFragment>
`;
