// Jest Snapshot v1, https://goo.gl/fbAQLP

exports[`DayComponent render correct 1`] = `
<DocumentFragment>
  <div
    class="container"
  >
    <div
      class="date"
    >
      26.10.2021
    </div>
    <ul
      class="task-list"
    >
      <li
        class="task-li"
      >
        <div
          class="content"
        >
          <span>
            do
          </span>
        </div>
      </li>
    </ul>
    <div
      class="tag"
    >
      hi
    </div>
    <div
      class="score"
    >
      <svg
        fill="currentColor"
        height="15"
        stroke="currentColor"
        stroke-width="0"
        version="1.1"
        viewBox="0 0 16 16"
        width="15"
        xmlns="http://www.w3.org/2000/svg"
      >
        <path
          d="M16 6.204l-5.528-0.803-2.472-5.009-2.472 5.009-5.528 0.803 4 3.899-0.944 5.505 4.944-2.599 4.944 2.599-0.944-5.505 4-3.899z"
        />
      </svg>
      <svg
        fill="currentColor"
        height="15"
        stroke="currentColor"
        stroke-width="0"
        version="1.1"
        viewBox="0 0 16 16"
        width="15"
        xmlns="http://www.w3.org/2000/svg"
      >
        <path
          d="M16 6.204l-5.528-0.803-2.472-5.009-2.472 5.009-5.528 0.803 4 3.899-0.944 5.505 4.944-2.599 4.944 2.599-0.944-5.505 4-3.899z"
        />
      </svg>
      <svg
        fill="currentColor"
        height="15"
        stroke="currentColor"
        stroke-width="0"
        version="1.1"
        viewBox="0 0 16 16"
        width="15"
        xmlns="http://www.w3.org/2000/svg"
      >
        <path
          d="M16 6.204l-5.528-0.803-2.472-5.009-2.472 5.009-5.528 0.803 4 3.899-0.944 5.505 4.944-2.599 4.944 2.599-0.944-5.505 4-3.899z"
        />
      </svg>
      <svg
        fill="currentColor"
        height="15"
        stroke="currentColor"
        stroke-width="0"
        version="1.1"
        viewBox="0 0 16 16"
        width="15"
        xmlns="http://www.w3.org/2000/svg"
      >
        <path
          d="M16 6.204l-5.528-0.803-2.472-5.009-2.472 5.009-5.528 0.803 4 3.899-0.944 5.505 4.944-2.599 4.944 2.599-0.944-5.505 4-3.899zM8 11.773l-3.492 1.836 0.667-3.888-2.825-2.753 3.904-0.567 1.746-3.537 1.746 3.537 3.904 0.567-2.825 2.753 0.667 3.888-3.492-1.836z"
        />
      </svg>
      <svg
        fill="currentColor"
        height="15"
        stroke="currentColor"
        stroke-width="0"
        version="1.1"
        viewBox="0 0 16 16"
        width="15"
        xmlns="http://www.w3.org/2000/svg"
      >
        <path
          d="M16 6.204l-5.528-0.803-2.472-5.009-2.472 5.009-5.528 0.803 4 3.899-0.944 5.505 4.944-2.599 4.944 2.599-0.944-5.505 4-3.899zM8 11.773l-3.492 1.836 0.667-3.888-2.825-2.753 3.904-0.567 1.746-3.537 1.746 3.537 3.904 0.567-2.825 2.753 0.667 3.888-3.492-1.836z"
        />
      </svg>
    </div>
  </div>
   
</DocumentFragment>
`;
