// Jest Snapshot v1, https://goo.gl/fbAQLP

exports[`Settings Page tests render correct 1`] = `
<DocumentFragment>
  <div
    class="settings"
  >
    <div
      class="settings__content"
    >
      <form
        action="#"
      >
        <div
          class="mb-1"
        >
          <label
            class="form-label"
            for="displayName"
          >
            Имя
          </label>
          <input
            class="form-control"
            id="displayName"
            name="displayName"
            placeholder="Имя"
            type="text"
            value=""
          />
        </div>
        <div
          class="text-center my-2"
        >
          <button
            class="btn btn-success center-block"
            type="submit"
          >
            Изменить
          </button>
        </div>
      </form>
      <form
        action="#"
      >
        <div
          class="mb-1"
        >
          <label
            class="form-label"
            for="oldPassword"
          >
            Старый пароль
          </label>
          <input
            class="form-control"
            id="oldPassword"
            name="oldPassword"
            placeholder=""
            type="password"
            value=""
          />
        </div>
        <div
          class="form-text"
          style="height: 21px;"
        />
        <div
          class="mb-1"
        >
          <label
            class="form-label"
            for="newPassword"
          >
            Новый пароль
          </label>
          <input
            class="form-control"
            id="newPassword"
            name="newPassword"
            placeholder=""
            type="password"
            value=""
          />
        </div>
        <div
          class="form-text"
          style="height: 21px;"
        />
        <div
          class="mb-1"
        >
          <label
            class="form-label"
            for="confirmNewPassword"
          >
            Подтвердите новый пароль
          </label>
          <input
            class="form-control"
            id="confirmNewPassword"
            name="confirmNewPassword"
            placeholder=""
            type="password"
            value=""
          />
        </div>
        <div
          class="form-text"
          style="height: 21px;"
        />
        <div
          class="text-center my-2"
        >
          <button
            class="btn btn-success center-block"
            type="submit"
          >
            Изменить
          </button>
        </div>
      </form>
      <button
        class="btn btn-secondary  my-5"
      >
        Выйти
      </button>
    </div>
  </div>
   
</DocumentFragment>
`;
