// Jest Snapshot v1, https://goo.gl/fbAQLP

exports[`ResetPasswordPage tests render correct 1`] = `
<DocumentFragment>
  <div
    class="greeting-page"
  >
    <div
      class="greeting-page__content"
    >
      <a
        href="/"
      >
        <div
          class="greeting-page__logo"
        >
          <img
            alt="Logo"
            src="Logo.png"
          />
        </div>
      </a>
      <form
        action="#"
      >
        <div
          class="mb-3"
        >
          <label
            class="form-label"
            for="email"
          >
            Email
          </label>
          <input
            class="form-control"
            id="email"
            name="email"
            placeholder="guest@gmail.com"
            type="email"
            value=""
          />
          <div
            class="form-text login-form__error"
          />
        </div>
        <div
          class="d-flex flex-column mt-1 "
        >
          <button
            class="btn btn-success center-block "
            type="submit"
          >
            Отправить пароль на почту
          </button>
        </div>
      </form>
    </div>
  </div>
   
</DocumentFragment>
`;
