// Jest Snapshot v1, https://goo.gl/fbAQLP

exports[`Login Page tests render correct 1`] = `
<DocumentFragment>
  <div
    class="greeting-page"
  >
    <div
      class="greeting-page__content"
    >
      <a
        href="/"
      >
        <div
          class="greeting-page__logo"
        >
          <img
            alt="Logo"
            src="Logo.png"
          />
        </div>
      </a>
      <form
        action="#"
      >
        <div
          class="mb-1"
        >
          <label
            class="form-label"
            for="email"
          >
            Email
          </label>
          <input
            class="form-control"
            id="email"
            name="email"
            placeholder="guest@gmail.com"
            type="email"
            value=""
          />
          <div
            class="form-text login-form__error"
          />
        </div>
        <div
          class="mb-1"
        >
          <label
            class="form-label"
            for="password"
          >
            Password
          </label>
          <input
            class="form-control"
            id="password"
            name="password"
            placeholder=""
            type="password"
            value=""
          />
          <div
            class="form-text login-form__error"
          />
        </div>
        <div
          class="mb-1 form-check"
        >
          <label
            class="form-check-label"
          >
            <input
              class="form-check-input"
              name="remember"
              type="checkbox"
              value="false"
            />
            Запомнить сессию
          </label>
        </div>
        <div
          class="d-flex flex-column mt-1 "
        >
          <button
            class="btn btn-success center-block "
            type="submit"
          >
            Зарегистрироваться
          </button>
        </div>
      </form>
    </div>
  </div>
   
</DocumentFragment>
`;
