// Jest Snapshot v1, https://goo.gl/fbAQLP

exports[`App render correct 1`] = `
<DocumentFragment>
  <div
    class="wrapper"
  >
    <div
      class="content"
    >
      <div
        class="logo"
      >
        <img
          alt="Logo"
          src="Logo.png"
        />
      </div>
    </div>
  </div>
</DocumentFragment>
`;
